corpus: 8 entries verified (SHA-256 + byte length) at E:\Work\Heddle\benchmarks\dotnet\GoldenCorpus
[PASS] Heddle (utf8 sink)/controlled/composed-page
[PASS] Heddle/controlled/composed-page
[PASS] Heddle (textwriter sink)/controlled/composed-page
[PASS] Heddle (utf8 sink)/controlled/trivial-substitution
[PASS] Heddle/controlled/trivial-substitution
[PASS] Heddle (textwriter sink)/controlled/trivial-substitution
[PASS] Heddle (utf8 sink)/controlled/large-loop
[PASS] Heddle/controlled/large-loop
[PASS] Heddle (textwriter sink)/controlled/large-loop
[PASS] Heddle (utf8 sink)/controlled/mixed-page
[PASS] Heddle/controlled/mixed-page
[PASS] Heddle (textwriter sink)/controlled/mixed-page
[PASS] Heddle (utf8 sink)/controlled/conditional-heavy
[PASS] Heddle/controlled/conditional-heavy
[PASS] Heddle (textwriter sink)/controlled/conditional-heavy
[PASS] Heddle (utf8 sink)/controlled/fragment-heavy
[PASS] Heddle/controlled/fragment-heavy
[PASS] Heddle (textwriter sink)/controlled/fragment-heavy
[PASS] Heddle (utf8 sink)/controlled/fortunes-encoded
[PASS] Heddle/controlled/fortunes-encoded
[PASS] Heddle (textwriter sink)/controlled/fortunes-encoded
[PASS] Heddle (utf8 sink)/controlled/encoded-loop
[PASS] Heddle/controlled/encoded-loop
[PASS] Heddle (textwriter sink)/controlled/encoded-loop
[PASS] Fluid.Core 2.31.0/controlled/composed-page
[PASS] Fluid.Core 2.31.0/controlled/fragment-heavy
[PASS] Fluid.Core 2.31.0/controlled/trivial-substitution
[PASS] Fluid.Core 2.31.0/controlled/large-loop
[PASS] Fluid.Core 2.31.0/controlled/mixed-page
[PASS] Fluid.Core 2.31.0/controlled/conditional-heavy
[PASS] Fluid.Core 2.31.0/controlled/fortunes-encoded
[PASS] Fluid.Core 2.31.0/controlled/encoded-loop
[PASS] Scriban 7.2.5/controlled/composed-page
[PASS] Scriban 7.2.5/controlled/fragment-heavy
[PASS] Scriban 7.2.5/controlled/trivial-substitution
[PASS] Scriban 7.2.5/controlled/large-loop
[PASS] Scriban 7.2.5/controlled/mixed-page
[PASS] Scriban 7.2.5/controlled/conditional-heavy
[PASS] Scriban 7.2.5/controlled/fortunes-encoded
[PASS] Scriban 7.2.5/controlled/encoded-loop
[PASS] DotLiquid 2.3.197/controlled/composed-page
[PASS] DotLiquid 2.3.197/controlled/trivial-substitution
[PASS] DotLiquid 2.3.197/controlled/large-loop
[PASS] DotLiquid 2.3.197/controlled/mixed-page
[PASS] DotLiquid 2.3.197/controlled/conditional-heavy
[PASS] DotLiquid 2.3.197/controlled/fragment-heavy
[PASS] DotLiquid 2.3.197/controlled/fortunes-encoded
[PASS] DotLiquid 2.3.197/controlled/encoded-loop
[PASS] Handlebars.Net 2.1.6/controlled/composed-page
[PASS] Handlebars.Net 2.1.6/controlled/fragment-heavy
[PASS] Handlebars.Net 2.1.6/controlled/trivial-substitution
[PASS] Handlebars.Net 2.1.6/controlled/large-loop
[PASS] Handlebars.Net 2.1.6/controlled/mixed-page
[PASS] Handlebars.Net 2.1.6/controlled/conditional-heavy
[PASS] Handlebars.Net 2.1.6/controlled/fortunes-encoded
[PASS] Handlebars.Net 2.1.6/controlled/encoded-loop
info: Microsoft.AspNetCore.DataProtection.KeyManagement.XmlKeyManager[63]
      User profile is available. Using 'C:\Users\Aliaksandr\AppData\Local\ASP.NET\DataProtection-Keys' as key repository and Windows DPAPI to encrypt keys at rest.
[PASS] Razor (ASP.NET Core MVC)/controlled/composed-page
[PASS] Razor (ASP.NET Core MVC)/controlled/trivial-substitution
[PASS] Razor (ASP.NET Core MVC)/controlled/large-loop
[PASS] Razor (ASP.NET Core MVC)/controlled/mixed-page
[PASS] Razor (ASP.NET Core MVC)/controlled/conditional-heavy
[PASS] Razor (ASP.NET Core MVC)/controlled/fragment-heavy
[PASS] Razor (ASP.NET Core MVC)/controlled/fortunes-encoded
[PASS] Razor (ASP.NET Core MVC)/controlled/encoded-loop
[PASS] Heddle (utf8 sink)/idiomatic/composed-page
[PASS] Heddle/idiomatic/composed-page
[PASS] Heddle (textwriter sink)/idiomatic/composed-page
[PASS] Heddle (utf8 sink)/idiomatic/trivial-substitution
[PASS] Heddle/idiomatic/trivial-substitution
[PASS] Heddle (textwriter sink)/idiomatic/trivial-substitution
[PASS] Heddle (utf8 sink)/idiomatic/large-loop
[PASS] Heddle/idiomatic/large-loop
[PASS] Heddle (textwriter sink)/idiomatic/large-loop
[PASS] Heddle (utf8 sink)/idiomatic/mixed-page
[PASS] Heddle/idiomatic/mixed-page
[PASS] Heddle (textwriter sink)/idiomatic/mixed-page
[PASS] Heddle (utf8 sink)/idiomatic/conditional-heavy
[PASS] Heddle/idiomatic/conditional-heavy
[PASS] Heddle (textwriter sink)/idiomatic/conditional-heavy
[PASS] Heddle (utf8 sink)/idiomatic/fragment-heavy
[PASS] Heddle/idiomatic/fragment-heavy
[PASS] Heddle (textwriter sink)/idiomatic/fragment-heavy
[PASS] Heddle (utf8 sink)/idiomatic/fortunes-encoded
[PASS] Heddle/idiomatic/fortunes-encoded
[PASS] Heddle (textwriter sink)/idiomatic/fortunes-encoded
[PASS] Heddle (utf8 sink)/idiomatic/encoded-loop
[PASS] Heddle/idiomatic/encoded-loop
[PASS] Heddle (textwriter sink)/idiomatic/encoded-loop
[PASS] Fluid.Core 2.31.0/idiomatic/composed-page
[PASS] Fluid.Core 2.31.0/idiomatic/fragment-heavy
[PASS] Fluid.Core 2.31.0/idiomatic/trivial-substitution
[PASS] Fluid.Core 2.31.0/idiomatic/large-loop
[PASS] Fluid.Core 2.31.0/idiomatic/mixed-page
[PASS] Fluid.Core 2.31.0/idiomatic/conditional-heavy
[PASS] Fluid.Core 2.31.0/idiomatic/fortunes-encoded
[PASS] Fluid.Core 2.31.0/idiomatic/encoded-loop
[PASS] Scriban 7.2.5/idiomatic/composed-page
[PASS] Scriban 7.2.5/idiomatic/fragment-heavy
[PASS] Scriban 7.2.5/idiomatic/trivial-substitution
[PASS] Scriban 7.2.5/idiomatic/large-loop
[PASS] Scriban 7.2.5/idiomatic/mixed-page
[PASS] Scriban 7.2.5/idiomatic/conditional-heavy
[PASS] Scriban 7.2.5/idiomatic/fortunes-encoded
[PASS] Scriban 7.2.5/idiomatic/encoded-loop
[PASS] DotLiquid 2.3.197/idiomatic/composed-page
[PASS] DotLiquid 2.3.197/idiomatic/trivial-substitution
[PASS] DotLiquid 2.3.197/idiomatic/large-loop
[PASS] DotLiquid 2.3.197/idiomatic/mixed-page
[PASS] DotLiquid 2.3.197/idiomatic/conditional-heavy
[PASS] DotLiquid 2.3.197/idiomatic/fragment-heavy
[PASS] DotLiquid 2.3.197/idiomatic/fortunes-encoded
[PASS] DotLiquid 2.3.197/idiomatic/encoded-loop
[PASS] Handlebars.Net 2.1.6/idiomatic/composed-page
[PASS] Handlebars.Net 2.1.6/idiomatic/fragment-heavy
[PASS] Handlebars.Net 2.1.6/idiomatic/trivial-substitution
[PASS] Handlebars.Net 2.1.6/idiomatic/large-loop
[PASS] Handlebars.Net 2.1.6/idiomatic/mixed-page
[PASS] Handlebars.Net 2.1.6/idiomatic/conditional-heavy
[PASS] Handlebars.Net 2.1.6/idiomatic/fortunes-encoded
[PASS] Handlebars.Net 2.1.6/idiomatic/encoded-loop
info: Microsoft.AspNetCore.DataProtection.KeyManagement.XmlKeyManager[63]
      User profile is available. Using 'C:\Users\Aliaksandr\AppData\Local\ASP.NET\DataProtection-Keys' as key repository and Windows DPAPI to encrypt keys at rest.
[PASS] Razor (ASP.NET Core MVC)/idiomatic/composed-page
[PASS] Razor (ASP.NET Core MVC)/idiomatic/trivial-substitution
[PASS] Razor (ASP.NET Core MVC)/idiomatic/large-loop
[PASS] Razor (ASP.NET Core MVC)/idiomatic/mixed-page
[PASS] Razor (ASP.NET Core MVC)/idiomatic/conditional-heavy
[PASS] Razor (ASP.NET Core MVC)/idiomatic/fragment-heavy
[PASS] Razor (ASP.NET Core MVC)/idiomatic/fortunes-encoded
[PASS] Razor (ASP.NET Core MVC)/idiomatic/encoded-loop
[PASS] Heddle (precompiled/utf8)/controlled/composed-page
[PASS] Heddle (precompiled/string)/controlled/composed-page
[PASS] Heddle (precompiled/textwriter)/controlled/composed-page
[PASS] Heddle (precompiled/utf8)/controlled/trivial-substitution
[PASS] Heddle (precompiled/string)/controlled/trivial-substitution
[PASS] Heddle (precompiled/textwriter)/controlled/trivial-substitution
[PASS] Heddle (precompiled/utf8)/controlled/large-loop
[PASS] Heddle (precompiled/string)/controlled/large-loop
[PASS] Heddle (precompiled/textwriter)/controlled/large-loop
[PASS] Heddle (precompiled/utf8)/controlled/mixed-page
[PASS] Heddle (precompiled/string)/controlled/mixed-page
[PASS] Heddle (precompiled/textwriter)/controlled/mixed-page
[PASS] Heddle (precompiled/utf8)/controlled/conditional-heavy
[PASS] Heddle (precompiled/string)/controlled/conditional-heavy
[PASS] Heddle (precompiled/textwriter)/controlled/conditional-heavy
[PASS] Heddle (precompiled/utf8)/controlled/fragment-heavy
[PASS] Heddle (precompiled/string)/controlled/fragment-heavy
[PASS] Heddle (precompiled/textwriter)/controlled/fragment-heavy
[PASS] Heddle (precompiled/utf8)/controlled/fortunes-encoded
[PASS] Heddle (precompiled/string)/controlled/fortunes-encoded
[PASS] Heddle (precompiled/textwriter)/controlled/fortunes-encoded
[PASS] Heddle (precompiled/utf8)/controlled/encoded-loop
[PASS] Heddle (precompiled/string)/controlled/encoded-loop
[PASS] Heddle (precompiled/textwriter)/controlled/encoded-loop

PRECOMPILED-COVERAGE: 8/8 workloads (composed-page, trivial-substitution, large-loop, mixed-page, conditional-heavy, fragment-heavy, fortunes-encoded, encoded-loop)
MATERIALISATION-CHECK: clean

gate: 152 passed, 0 failed (of 152 cells).
